// Jest Snapshot v1, https://goo.gl/fbAQLP

exports[`CharacterDetailRow should render as expected 1`] = `
<tr
  onClick={[Function]}
>
  <td />
  <td>
    1, 2
  </td>
  <td>
    h, h
  </td>
  <td>
    9,20
  </td>
  <td>
    10
  </td>
  <td>
    -1
  </td>
  <td>
    +6
  </td>
  <td>
    +6
  </td>
  <td />
  <td>
    
  </td>
</tr>
`;
